// Jest Snapshot v1, https://goo.gl/fbAQLP

exports[`Cell renders <Cell> using renderer cell with value=2 1`] = `
<DocumentFragment>
  <div
    class="css-upvruk"
    role="cellContainer-2"
  >
    <div
      class="css-vba8le"
      role="cellContent-2"
    />
  </div>
</DocumentFragment>
`;
