// Jest Snapshot v1, https://goo.gl/fbAQLP

exports[`App with init state render snapshot 1`] = `
<DocumentFragment>
  <div
    class="css-5simcc"
    role="rootApp"
  >
    <div
      class="css-8jmgub"
      role="topPanel"
    >
      <div
        class="css-123spcd"
      >
        <p
          class="css-1f23mg8"
          role="gameTitle"
        >
          Lines
        </p>
        <div
          class="css-9e74ss"
          role="authForm"
        >
          <form
            action="#"
          >
            <label
              for="login"
            >
              Имя
            </label>
            <input
              id="login"
              name="login"
              placeholder="Введите логин"
              role="login"
              value=""
            />
            <label
              for="password"
            >
              Пароль
            </label>
            <input
              id="password"
              name="password"
              placeholder="Введите пароль"
              role="password"
              value=""
            />
            <button
              disabled=""
              role="buttonLogin"
              type="submit"
            >
              Войти
            </button>
          </form>
        </div>
      </div>
    </div>
    <div
      class="css-cdwrp8"
      role="bodyPanel"
    >
      <div
        class="css-1n2h5h0"
        role="panelHitParade"
      >
        <div
          class="css-11wxzwa"
          role="rootGrid"
        >
          <p
            class="css-1890bmp"
          >
            Хит-парад
          </p>
        </div>
      </div>
      <div
        class="css-1n2h5h0"
      >
        <section
          class="css-rxkl80"
          role="cellsGrid"
        >
          <div
            class="css-1bqu5zx"
            role="cellContainer-0"
          />
          <div
            class="css-g263yg"
            role="cellContainer-1"
          />
          <div
            class="css-g263yg"
            role="cellContainer-2"
          />
          <div
            class="css-g263yg"
            role="cellContainer-3"
          />
          <div
            class="css-g263yg"
            role="cellContainer-4"
          />
          <div
            class="css-g263yg"
            role="cellContainer-5"
          />
          <div
            class="css-g263yg"
            role="cellContainer-6"
          />
          <div
            class="css-g263yg"
            role="cellContainer-7"
          />
          <div
            class="css-v213q6"
            role="cellContainer-8"
          />
          <div
            class="css-1bqu5zx"
            role="cellContainer-9"
          />
          <div
            class="css-g263yg"
            role="cellContainer-10"
          />
          <div
            class="css-g263yg"
            role="cellContainer-11"
          />
          <div
            class="css-g263yg"
            role="cellContainer-12"
          />
          <div
            class="css-g263yg"
            role="cellContainer-13"
          />
          <div
            class="css-g263yg"
            role="cellContainer-14"
          />
          <div
            class="css-g263yg"
            role="cellContainer-15"
          />
          <div
            class="css-g263yg"
            role="cellContainer-16"
          />
          <div
            class="css-v213q6"
            role="cellContainer-17"
          />
          <div
            class="css-1bqu5zx"
            role="cellContainer-18"
          />
          <div
            class="css-g263yg"
            role="cellContainer-19"
          />
          <div
            class="css-g263yg"
            role="cellContainer-20"
          />
          <div
            class="css-g263yg"
            role="cellContainer-21"
          />
          <div
            class="css-g263yg"
            role="cellContainer-22"
          />
          <div
            class="css-g263yg"
            role="cellContainer-23"
          />
          <div
            class="css-g263yg"
            role="cellContainer-24"
          />
          <div
            class="css-g263yg"
            role="cellContainer-25"
          />
          <div
            class="css-v213q6"
            role="cellContainer-26"
          />
          <div
            class="css-1bqu5zx"
            role="cellContainer-27"
          />
          <div
            class="css-g263yg"
            role="cellContainer-28"
          />
          <div
            class="css-g263yg"
            role="cellContainer-29"
          />
          <div
            class="css-g263yg"
            role="cellContainer-30"
          />
          <div
            class="css-g263yg"
            role="cellContainer-31"
          />
          <div
            class="css-g263yg"
            role="cellContainer-32"
          />
          <div
            class="css-g263yg"
            role="cellContainer-33"
          />
          <div
            class="css-g263yg"
            role="cellContainer-34"
          />
          <div
            class="css-v213q6"
            role="cellContainer-35"
          />
          <div
            class="css-1bqu5zx"
            role="cellContainer-36"
          />
          <div
            class="css-g263yg"
            role="cellContainer-37"
          />
          <div
            class="css-g263yg"
            role="cellContainer-38"
          />
          <div
            class="css-g263yg"
            role="cellContainer-39"
          />
          <div
            class="css-g263yg"
            role="cellContainer-40"
          />
          <div
            class="css-g263yg"
            role="cellContainer-41"
          />
          <div
            class="css-g263yg"
            role="cellContainer-42"
          />
          <div
            class="css-g263yg"
            role="cellContainer-43"
          />
          <div
            class="css-v213q6"
            role="cellContainer-44"
          />
          <div
            class="css-1bqu5zx"
            role="cellContainer-45"
          />
          <div
            class="css-g263yg"
            role="cellContainer-46"
          />
          <div
            class="css-g263yg"
            role="cellContainer-47"
          />
          <div
            class="css-g263yg"
            role="cellContainer-48"
          />
          <div
            class="css-g263yg"
            role="cellContainer-49"
          />
          <div
            class="css-g263yg"
            role="cellContainer-50"
          />
          <div
            class="css-g263yg"
            role="cellContainer-51"
          />
          <div
            class="css-g263yg"
            role="cellContainer-52"
          />
          <div
            class="css-v213q6"
            role="cellContainer-53"
          />
          <div
            class="css-1bqu5zx"
            role="cellContainer-54"
          />
          <div
            class="css-g263yg"
            role="cellContainer-55"
          />
          <div
            class="css-g263yg"
            role="cellContainer-56"
          />
          <div
            class="css-g263yg"
            role="cellContainer-57"
          />
          <div
            class="css-g263yg"
            role="cellContainer-58"
          />
          <div
            class="css-g263yg"
            role="cellContainer-59"
          />
          <div
            class="css-g263yg"
            role="cellContainer-60"
          />
          <div
            class="css-g263yg"
            role="cellContainer-61"
          />
          <div
            class="css-v213q6"
            role="cellContainer-62"
          />
          <div
            class="css-1bqu5zx"
            role="cellContainer-63"
          />
          <div
            class="css-g263yg"
            role="cellContainer-64"
          />
          <div
            class="css-g263yg"
            role="cellContainer-65"
          />
          <div
            class="css-g263yg"
            role="cellContainer-66"
          />
          <div
            class="css-g263yg"
            role="cellContainer-67"
          />
          <div
            class="css-g263yg"
            role="cellContainer-68"
          />
          <div
            class="css-g263yg"
            role="cellContainer-69"
          />
          <div
            class="css-g263yg"
            role="cellContainer-70"
          />
          <div
            class="css-v213q6"
            role="cellContainer-71"
          />
          <div
            class="css-1bqu5zx"
            role="cellContainer-72"
          />
          <div
            class="css-g263yg"
            role="cellContainer-73"
          />
          <div
            class="css-g263yg"
            role="cellContainer-74"
          />
          <div
            class="css-g263yg"
            role="cellContainer-75"
          />
          <div
            class="css-g263yg"
            role="cellContainer-76"
          />
          <div
            class="css-g263yg"
            role="cellContainer-77"
          />
          <div
            class="css-g263yg"
            role="cellContainer-78"
          />
          <div
            class="css-g263yg"
            role="cellContainer-79"
          />
          <div
            class="css-v213q6"
            role="cellContainer-80"
          />
          <div
            style="clear: both;"
          />
        </section>
      </div>
      <div
        class="css-1n2h5h0"
        role="userInfo"
      >
        <div
          class="css-11wxzwa"
          role="grid"
        >
          <p
            class="css-1890bmp"
          >
            Игрок: 
          </p>
        </div>
      </div>
    </div>
    <div
      class="css-1563bnz"
    >
      <div
        class="css-1w0hfqs"
        role="bottomPanel"
      >
        <p
          class="css-o9gtt2"
          role="messageResult"
        >
          Результат: 0
        </p>
        <p
          class="css-o9gtt2"
          role="messagePercentFilled"
        >
          Процент заполнения: 0.00
        </p>
      </div>
    </div>
  </div>
</DocumentFragment>
`;
