// Jest Snapshot v1, https://goo.gl/fbAQLP

exports[`AppBottom Render <AppBottom> without data 1`] = `
<DocumentFragment>
  <div
    class="css-eec57t"
  >
    <div
      class="css-1w0hfqs"
      role="bottomPanel"
    >
      <p
        class="css-o9gtt2"
        role="messageResult"
      >
        Результат: 0
      </p>
      <p
        class="css-o9gtt2"
        role="messagePercentFilled"
      >
        Процент заполнения: 0.00
      </p>
    </div>
  </div>
</DocumentFragment>
`;
