// Jest Snapshot v1, https://goo.gl/fbAQLP

exports[`Select render <Select> 1`] = `
<DocumentFragment>
  <div
    class="css-7bmjkf"
  >
    <p>
      Уровень
    </p>
    <select
      name="select"
      role="select"
    >
      <option
        role="option"
        value="1"
      >
        Падаван
      </option>
      <option
        role="option"
        value="2"
      >
        Джедай
      </option>
      <option
        role="option"
        value="3"
      >
        Член Совета Силы
      </option>
    </select>
  </div>
</DocumentFragment>
`;
